// Jest Snapshot v1, https://goo.gl/fbAQLP

exports[`running tests on city explorer App renders correctly 1`] = `"<App/>"`;
