// Jest Snapshot v1, https://goo.gl/fbAQLP

exports[`running tests on city explore Home renders correctly 1`] = `"<Home/>"`;
