// Jest Snapshot v1, https://goo.gl/fbAQLP

exports[`running tests on city explore Location results renders correctly 1`] = `"<Location/>"`;
